[2026-06-27T01:27:39.116+00:00] [INFO] Compiling model ID mnjw236dm
[2026-06-27T01:27:39.116+00:00] [INFO] [compile-pre-compile] Memory: 2.0GiB / 40.0GiB (5%) | working_set: 677.9MiB | peak: 3.2GiB
[2026-06-27T01:27:46.010+00:00] [INFO] -=- Converting ONNX graph: decompose GeLU layers -=-
[2026-06-27T01:27:46.414+00:00] [INFO] Applying ONNX IR shape inference
[2026-06-27T01:27:48.355+00:00] [INFO] Upgrading model from opset version 17 to 21 for optimization compatibility
[2026-06-27T01:28:01.884+00:00] [INFO] The opset of the onnx model is updated to 21.
[2026-06-27T01:28:01.915+00:00] [INFO] Applying ONNX IR rewriter with rules
[2026-06-27T01:28:07.617+00:00] [INFO] Memory: 3.3GiB / 40.0GiB (8%) | working_set: 3.1GiB | peak: 11.6GiB
[2026-06-27T01:28:17.312+00:00] [INFO] Ran 42 passes, 13 triggered
[2026-06-27T01:28:17.312+00:00] [INFO] Passes triggered:
[2026-06-27T01:28:17.348+00:00] [INFO] +------------------------------------+----------+
[2026-06-27T01:28:17.348+00:00] [INFO] | Pass Name                          | Triggers |
[2026-06-27T01:28:17.348+00:00] [INFO] +------------------------------------+----------+
[2026-06-27T01:28:17.348+00:00] [INFO] | OverrideFoldConstantsPass          |        2 |
[2026-06-27T01:28:17.348+00:00] [INFO] | _ReshapeIdentity                   |        1 |
[2026-06-27T01:28:17.348+00:00] [INFO] | _ExpandIdentity                    |        1 |
[2026-06-27T01:28:17.348+00:00] [INFO] | RemoveIdentityTile                 |        1 |
[2026-06-27T01:28:17.348+00:00] [INFO] | ConvertTransposeToReshape          |        1 |
[2026-06-27T01:28:17.348+00:00] [INFO] | FuseSiblingSlicesToSplitPass       |        1 |
[2026-06-27T01:28:17.348+00:00] [INFO] | RemoveUnusedNodesPass              |        1 |
[2026-06-27T01:28:17.349+00:00] [INFO] | RemoveUnusedOpsetsPass             |        1 |
[2026-06-27T01:28:17.349+00:00] [INFO] | ShapeInferencePass                 |        1 |
[2026-06-27T01:28:17.349+00:00] [INFO] | LiftConstantsToInitializersPass    |        1 |
[2026-06-27T01:28:17.349+00:00] [INFO] | DeduplicateInitializersPass        |        1 |
[2026-06-27T01:28:17.349+00:00] [INFO] | CommonSubexpressionEliminationPass |        1 |
[2026-06-27T01:28:17.349+00:00] [INFO] +------------------------------------+----------+
[2026-06-27T01:28:17.356+00:00] [INFO] Model metrics comparison:
[2026-06-27T01:28:17.357+00:00] [INFO] +--------------------+--------+--------+-----------+
[2026-06-27T01:28:17.357+00:00] [INFO] | Metric             | Before |  After |     Delta |
[2026-06-27T01:28:17.357+00:00] [INFO] +--------------------+--------+--------+-----------+
[2026-06-27T01:28:17.357+00:00] [INFO] | Op count           |   9623 |   4936 |     -4687 |
[2026-06-27T01:28:17.357+00:00] [INFO] | Model size         | 1.2GiB | 1.2GiB | -443.2KiB |
[2026-06-27T01:28:17.357+00:00] [INFO] | Abs                |      1 |      0 |        -1 |
[2026-06-27T01:28:17.357+00:00] [INFO] | Add                |    301 |    277 |       -24 |
[2026-06-27T01:28:17.357+00:00] [INFO] | Cast               |    102 |      1 |      -101 |
[2026-06-27T01:28:17.357+00:00] [INFO] | Concat             |    315 |      0 |      -315 |
[2026-06-27T01:28:17.357+00:00] [INFO] | Constant           |   1836 |      0 |     -1836 |
[2026-06-27T01:28:17.357+00:00] [INFO] | ConstantOfShape    |      2 |      0 |        -2 |
[2026-06-27T01:28:17.357+00:00] [INFO] | Conv               |      8 |      8 |        +0 |
[2026-06-27T01:28:17.358+00:00] [INFO] | DequantizeLinear   |   2163 |   1856 |      -307 |
[2026-06-27T01:28:17.358+00:00] [INFO] | Div                |    108 |     37 |       -71 |
[2026-06-27T01:28:17.358+00:00] [INFO] | Erf                |     32 |     32 |        +0 |
[2026-06-27T01:28:17.358+00:00] [INFO] | Expand             |      1 |      0 |        -1 |
[2026-06-27T01:28:17.358+00:00] [INFO] | Gather             |    314 |      1 |      -313 |
[2026-06-27T01:28:17.358+00:00] [INFO] | Gemm               |     26 |     26 |        +0 |
[2026-06-27T01:28:17.358+00:00] [INFO] | Greater            |      1 |      0 |        -1 |
[2026-06-27T01:28:17.358+00:00] [INFO] | LayerNormalization |     57 |     57 |        +0 |
[2026-06-27T01:28:17.358+00:00] [INFO] | Less               |      1 |      0 |        -1 |
[2026-06-27T01:28:17.358+00:00] [INFO] | Log                |      1 |      1 |        +0 |
[2026-06-27T01:28:17.358+00:00] [INFO] | MatMul             |    193 |    193 |        +0 |
[2026-06-27T01:28:17.358+00:00] [INFO] | Min                |      1 |      1 |        +0 |
[2026-06-27T01:28:17.358+00:00] [INFO] | Mul                |    308 |    187 |      -121 |
[2026-06-27T01:28:17.358+00:00] [INFO] | QuantizeLinear     |   1934 |   1627 |      -307 |
[2026-06-27T01:28:17.358+00:00] [INFO] | Range              |      1 |      0 |        -1 |
[2026-06-27T01:28:17.358+00:00] [INFO] | ReduceMean         |      4 |      3 |        -1 |
[2026-06-27T01:28:17.358+00:00] [INFO] | ReduceProd         |      1 |      0 |        -1 |
[2026-06-27T01:28:17.358+00:00] [INFO] | ReduceSum          |     24 |     24 |        +0 |
[2026-06-27T01:28:17.358+00:00] [INFO] | Relu               |      1 |      1 |        +0 |
[2026-06-27T01:28:17.358+00:00] [INFO] | Reshape            |    313 |    337 |       +24 |
[2026-06-27T01:28:17.358+00:00] [INFO] | Shape              |    339 |      0 |      -339 |
[2026-06-27T01:28:17.358+00:00] [INFO] | Sigmoid            |     24 |     24 |        +0 |
[2026-06-27T01:28:17.358+00:00] [INFO] | Slice              |     73 |      1 |       -72 |
[2026-06-27T01:28:17.358+00:00] [INFO] | Softmax            |     24 |     24 |        +0 |
[2026-06-27T01:28:17.358+00:00] [INFO] | Split              |      0 |     24 |       +24 |
[2026-06-27T01:28:17.358+00:00] [INFO] | Sqrt               |     73 |      3 |       -70 |
[2026-06-27T01:28:17.358+00:00] [INFO] | Sub                |     28 |     26 |        -2 |
[2026-06-27T01:28:17.358+00:00] [INFO] | Tile               |      1 |      0 |        -1 |
[2026-06-27T01:28:17.358+00:00] [INFO] | Transpose          |    210 |    162 |       -48 |
[2026-06-27T01:28:17.358+00:00] [INFO] | Unsqueeze          |    801 |      2 |      -799 |
[2026-06-27T01:28:17.359+00:00] [INFO] | Where              |      1 |      1 |        +0 |
[2026-06-27T01:28:17.359+00:00] [INFO] +--------------------+--------+--------+-----------+
[2026-06-27T01:28:17.359+00:00] [INFO] ONNX IR rewriter with rules applied
[2026-06-27T01:28:55.341+00:00] [INFO] Saving model
[2026-06-27T01:28:55.534+00:00] [INFO] Uploading asset to https://tetrahub-qprod-userdata.s3.amazonaws.com/models/mn7pjoz3n_5QKA8qajEw968psC.onnx.zip?uploadId=InyxMkjPuOalTb8h5HjZ0_CEEFBsLzYvGaL5qW6GV.OpADNMNgpG_bEw23y45reu6HwY0XGwqRhLsSJEBngvp9_B_pHA8iDR_D94MzqAClAJTfhr9S92uGUR5ggQR3Cg&partNumber=1&AWSAccessKeyId=AKIAY25OF7UJ2S6FP3JE&Signature=yULRbCoIGC7
[2026-06-27T01:29:04.715+00:00] [INFO] Successfully uploaded asset with response status: 200
[2026-06-27T01:29:06.414+00:00] [INFO] Uploading asset to https://tetrahub-qprod-userdata.s3-accelerate.amazonaws.com/
[2026-06-27T01:29:06.524+00:00] [INFO] Successfully uploaded asset with response status: 204
[2026-06-27T01:29:06.525+00:00] [INFO] Successfully computed visualization graph for mn7pjoz3n
[2026-06-27T01:29:07.032+00:00] [INFO] =================================== Run compile_to_qnn_dlc =================================== 
[2026-06-27T01:29:07.032+00:00] [INFO] Applying ONNX IR rewriter with rules
[2026-06-27T01:30:21.307+00:00] [INFO] Ran 898 passes, 320 triggered
[2026-06-27T01:30:21.307+00:00] [INFO] Passes triggered:
[2026-06-27T01:30:21.307+00:00] [INFO] +---------------------------------+----------+
[2026-06-27T01:30:21.307+00:00] [INFO] | Pass Name                       | Triggers |
[2026-06-27T01:30:21.307+00:00] [INFO] +---------------------------------+----------+
[2026-06-27T01:30:21.307+00:00] [INFO] | RewriteSplit2ToSlices           |       80 |
[2026-06-27T01:30:21.307+00:00] [INFO] | FuseSiblingSlicesToSplitPass    |       79 |
[2026-06-27T01:30:21.307+00:00] [INFO] | RemoveUnusedNodesPass           |       80 |
[2026-06-27T01:30:21.308+00:00] [INFO] | ShapeInferencePass              |       79 |
[2026-06-27T01:30:21.308+00:00] [INFO] | LiftConstantsToInitializersPass |        1 |
[2026-06-27T01:30:21.308+00:00] [INFO] | DeduplicateInitializersPass     |        1 |
[2026-06-27T01:30:21.308+00:00] [INFO] +---------------------------------+----------+
[2026-06-27T01:30:21.315+00:00] [INFO] Model metrics comparison:
[2026-06-27T01:30:21.316+00:00] [INFO] +--------------------+--------+--------+---------+
[2026-06-27T01:30:21.316+00:00] [INFO] | Metric             | Before |  After |   Delta |
[2026-06-27T01:30:21.316+00:00] [INFO] +--------------------+--------+--------+---------+
[2026-06-27T01:30:21.316+00:00] [INFO] | Op count           |   4936 |   4960 |     +24 |
[2026-06-27T01:30:21.316+00:00] [INFO] | Model size         | 1.2GiB | 1.2GiB | +2.3KiB |
[2026-06-27T01:30:21.316+00:00] [INFO] | Add                |    277 |    277 |      +0 |
[2026-06-27T01:30:21.316+00:00] [INFO] | Cast               |      1 |      1 |      +0 |
[2026-06-27T01:30:21.316+00:00] [INFO] | Conv               |      8 |      8 |      +0 |
[2026-06-27T01:30:21.316+00:00] [INFO] | DequantizeLinear   |   1856 |   1856 |      +0 |
[2026-06-27T01:30:21.316+00:00] [INFO] | Div                |     37 |     37 |      +0 |
[2026-06-27T01:30:21.316+00:00] [INFO] | Erf                |     32 |     32 |      +0 |
[2026-06-27T01:30:21.316+00:00] [INFO] | Gather             |      1 |      1 |      +0 |
[2026-06-27T01:30:21.316+00:00] [INFO] | Gemm               |     26 |     26 |      +0 |
[2026-06-27T01:30:21.316+00:00] [INFO] | LayerNormalization |     57 |     57 |      +0 |
[2026-06-27T01:30:21.316+00:00] [INFO] | Log                |      1 |      1 |      +0 |
[2026-06-27T01:30:21.316+00:00] [INFO] | MatMul             |    193 |    193 |      +0 |
[2026-06-27T01:30:21.316+00:00] [INFO] | Min                |      1 |      1 |      +0 |
[2026-06-27T01:30:21.316+00:00] [INFO] | Mul                |    187 |    187 |      +0 |
[2026-06-27T01:30:21.316+00:00] [INFO] | QuantizeLinear     |   1627 |   1627 |      +0 |
[2026-06-27T01:30:21.317+00:00] [INFO] | ReduceMean         |      3 |      3 |      +0 |
[2026-06-27T01:30:21.317+00:00] [INFO] | ReduceSum          |     24 |     24 |      +0 |
[2026-06-27T01:30:21.317+00:00] [INFO] | Relu               |      1 |      1 |      +0 |
[2026-06-27T01:30:21.317+00:00] [INFO] | Reshape            |    337 |    337 |      +0 |
[2026-06-27T01:30:21.317+00:00] [INFO] | Sigmoid            |     24 |     24 |      +0 |
[2026-06-27T01:30:21.317+00:00] [INFO] | Slice              |      1 |     49 |     +48 |
[2026-06-27T01:30:21.317+00:00] [INFO] | Softmax            |     24 |     24 |      +0 |
[2026-06-27T01:30:21.317+00:00] [INFO] | Split              |     24 |      0 |     -24 |
[2026-06-27T01:30:21.317+00:00] [INFO] | Sqrt               |      3 |      3 |      +0 |
[2026-06-27T01:30:21.317+00:00] [INFO] | Sub                |     26 |     26 |      +0 |
[2026-06-27T01:30:21.317+00:00] [INFO] | Transpose          |    162 |    162 |      +0 |
[2026-06-27T01:30:21.317+00:00] [INFO] | Unsqueeze          |      2 |      2 |      +0 |
[2026-06-27T01:30:21.317+00:00] [INFO] | Where              |      1 |      1 |      +0 |
[2026-06-27T01:30:21.317+00:00] [INFO] +--------------------+--------+--------+---------+
[2026-06-27T01:30:21.317+00:00] [INFO] ONNX IR rewriter with rules applied
[2026-06-27T01:30:24.062+00:00] [INFO] -=- ONNX to QNN DLC (qairt-converter) -=-
[2026-06-27T01:30:24.062+00:00] [INFO] Running /tetra/qairt_env/default/2.45.0/bin/python3 /qairt_sdk/default/2.45.0/bin/x86_64-linux-clang/qairt-converter --input_network /tmp/tmp4igps0co/tmpn1bo0v9k.onnx --output_path /tmp/tmp4igps0co/graph_lneao1g_.dlc --preserve_io_datatype wave output_0 --preserve_io_datatype wave output_0 --preserve_onnx_output_order --onnx_skip_simplification
[2026-06-27T01:30:24.610+00:00] [INFO] 2026-06-27 01:30:24,609 - 278 - INFO - INFO_INITIALIZATION_SUCCESS: 
[2026-06-27T01:30:24.756+00:00] [INFO] 2026-06-27 01:30:24,756 - 283 - WARNING - Unable to register converter supported Operation [Inverse:Version 1] with your Onnx installation. Converter will bail if Model contains this Op.
[2026-06-27T01:30:24.761+00:00] [INFO] 2026-06-27 01:30:24,761 - 283 - WARNING - Unable to register converter supported Operation [RMSNormalization:Version 23] with your Onnx installation. Converter will bail if Model contains this Op.
[2026-06-27T01:30:24.767+00:00] [INFO] 2026-06-27 01:30:24,766 - 283 - WARNING - Unable to register converter supported Operation [RotaryEmbedding:Version 23] with your Onnx installation. Converter will bail if Model contains this Op.
[2026-06-27T01:30:24.903+00:00] [INFO] 2026-06-27 01:30:24,903 - 283 - WARNING - --desired_input_shape and -d are deprecated. Use --source_model_input_shape or -s for achieving this functionality
[2026-06-27T01:30:24.903+00:00] [INFO] 2026-06-27 01:30:24,903 - 278 - INFO - Input shape info 
[2026-06-27T01:30:24.947+00:00] [INFO] 2026-06-27 01:30:24,947 - 283 - WARNING - Skipping Native checker in Defer Loading and ONNX Simplification not invoked
[2026-06-27T01:30:27.875+00:00] [INFO] /qairt_sdk/default/2.45.0/lib/python/qti/aisw/converters/onnx/onnx_translations.py:548: RuntimeWarning: divide by zero encountered in log
[2026-06-27T01:30:27.875+00:00] [INFO]   data = self.numpy_op(const_input_op.tensor).astype(out_dtype)
[2026-06-27T01:30:27.906+00:00] [INFO] 2026-06-27 01:30:27,905 - 283 - WARNING - Only numerical type cast is supported. The cast op: /encoder/encoder/layers.0/attention/Cast_3 will be interpreted at conversion time
[2026-06-27T01:30:27.906+00:00] [INFO] /qairt_sdk/default/2.45.0/lib/python/qti/aisw/converters/onnx/data_translations.py:51: RuntimeWarning: invalid value encountered in cast
[2026-06-27T01:30:27.906+00:00] [INFO]   const_op.tensor = np.asarray(const_op.tensor, dtype=cast_dtype)
[2026-06-27T01:30:27.922+00:00] [INFO] 2026-06-27 01:30:27,922 - 278 - INFO - INFO_STATIC_RESHAPE: Applying static reshape to /encoder/encoder/layers.0/attention/rel_attn_embed/Gather_output_0_qdq: new name /encoder/encoder/layers.0/attention/Transpose_output_0 new shape (16, 149, 149)
[2026-06-27T01:30:27.944+00:00] [INFO] 2026-06-27 01:30:27,944 - 278 - INFO - INFO_STATIC_RESHAPE: Applying static reshape to /encoder/encoder/layers.0/attention/Tile_output_0_qdq: new name /encoder/encoder/layers.0/attention/Reshape_output_0 new shape [16, 149, 149]
[2026-06-27T01:30:27.966+00:00] [INFO] 2026-06-27 01:30:27,966 - 283 - WARNING - GEMM operation is not supported in the general case, attempting to interpret as FC
[2026-06-27T01:30:28.098+00:00] [INFO] 2026-06-27 01:30:28,098 - 283 - WARNING - GEMM operation is not supported in the general case, attempting to interpret as FC
[2026-06-27T01:30:28.255+00:00] [INFO] 2026-06-27 01:30:28,255 - 283 - WARNING - GEMM operation is not supported in the general case, attempting to interpret as FC
[2026-06-27T01:30:28.388+00:00] [INFO] 2026-06-27 01:30:28,388 - 283 - WARNING - GEMM operation is not supported in the general case, attempting to interpret as FC
[2026-06-27T01:30:28.521+00:00] [INFO] 2026-06-27 01:30:28,521 - 283 - WARNING - GEMM operation is not supported in the general case, attempting to interpret as FC
[2026-06-27T01:30:28.654+00:00] [INFO] 2026-06-27 01:30:28,654 - 283 - WARNING - GEMM operation is not supported in the general case, attempting to interpret as FC
[2026-06-27T01:30:28.787+00:00] [INFO] 2026-06-27 01:30:28,787 - 283 - WARNING - GEMM operation is not supported in the general case, attempting to interpret as FC
[2026-06-27T01:30:28.923+00:00] [INFO] 2026-06-27 01:30:28,923 - 283 - WARNING - GEMM operation is not supported in the general case, attempting to interpret as FC
[2026-06-27T01:30:29.059+00:00] [INFO] 2026-06-27 01:30:29,059 - 283 - WARNING - GEMM operation is not supported in the general case, attempting to interpret as FC
[2026-06-27T01:30:29.194+00:00] [INFO] 2026-06-27 01:30:29,194 - 283 - WARNING - GEMM operation is not supported in the general case, attempting to interpret as FC
[2026-06-27T01:30:29.331+00:00] [INFO] 2026-06-27 01:30:29,331 - 283 - WARNING - GEMM operation is not supported in the general case, attempting to interpret as FC
[2026-06-27T01:30:29.468+00:00] [INFO] 2026-06-27 01:30:29,467 - 283 - WARNING - GEMM operation is not supported in the general case, attempting to interpret as FC
[2026-06-27T01:30:29.605+00:00] [INFO] 2026-06-27 01:30:29,605 - 283 - WARNING - GEMM operation is not supported in the general case, attempting to interpret as FC
[2026-06-27T01:30:29.745+00:00] [INFO] 2026-06-27 01:30:29,745 - 283 - WARNING - GEMM operation is not supported in the general case, attempting to interpret as FC
[2026-06-27T01:30:29.884+00:00] [INFO] 2026-06-27 01:30:29,884 - 283 - WARNING - GEMM operation is not supported in the general case, attempting to interpret as FC
[2026-06-27T01:30:30.024+00:00] [INFO] 2026-06-27 01:30:30,024 - 283 - WARNING - GEMM operation is not supported in the general case, attempting to interpret as FC
[2026-06-27T01:30:30.164+00:00] [INFO] 2026-06-27 01:30:30,164 - 283 - WARNING - GEMM operation is not supported in the general case, attempting to interpret as FC
[2026-06-27T01:30:30.305+00:00] [INFO] 2026-06-27 01:30:30,305 - 283 - WARNING - GEMM operation is not supported in the general case, attempting to interpret as FC
[2026-06-27T01:30:30.445+00:00] [INFO] 2026-06-27 01:30:30,444 - 283 - WARNING - GEMM operation is not supported in the general case, attempting to interpret as FC
[2026-06-27T01:30:30.587+00:00] [INFO] 2026-06-27 01:30:30,586 - 283 - WARNING - GEMM operation is not supported in the general case, attempting to interpret as FC
[2026-06-27T01:30:30.729+00:00] [INFO] 2026-06-27 01:30:30,729 - 283 - WARNING - GEMM operation is not supported in the general case, attempting to interpret as FC
[2026-06-27T01:30:30.871+00:00] [INFO] 2026-06-27 01:30:30,871 - 283 - WARNING - GEMM operation is not supported in the general case, attempting to interpret as FC
[2026-06-27T01:30:31.015+00:00] [INFO] 2026-06-27 01:30:31,015 - 283 - WARNING - GEMM operation is not supported in the general case, attempting to interpret as FC
[2026-06-27T01:30:31.160+00:00] [INFO] 2026-06-27 01:30:31,160 - 283 - WARNING - GEMM operation is not supported in the general case, attempting to interpret as FC
[2026-06-27T01:30:31.201+00:00] [INFO] 2026-06-27 01:30:31,201 - 283 - WARNING - GEMM operation is not supported in the general case, attempting to interpret as FC
[2026-06-27T01:30:31.205+00:00] [INFO] 2026-06-27 01:30:31,205 - 283 - WARNING - GEMM operation is not supported in the general case, attempting to interpret as FC
[2026-06-27T01:30:31.570+00:00] [INFO] 2026-06-27 01:30:31,570 - 283 - WARNING - Unused Input nodes found: []
[2026-06-27T01:31:07.971+00:00] [INFO] Memory: 9.7GiB / 40.0GiB (24%) | working_set: 9.5GiB | peak: 11.6GiB
[2026-06-27T01:36:30.537+00:00] [INFO] 2026-06-27 01:36:30,537 - 278 - INFO - INFO_INITIALIZATION_SUCCESS: 
[2026-06-27T01:36:30.949+00:00] [INFO] handleReshapeOp: Squash Reshape Op: /head/head.3/Gemm_identity due to IdentityOp. Input shape: IrTensorShape(dims = [1,1] , dy_axes=[]), shape after IrTensorShape(dims = [1,1] , dy_axes=[])
[2026-06-27T01:36:30.959+00:00] [INFO] reEvalMacsParams: Re-evaluated graph statistics after IrOptimizer optimization passes:
[2026-06-27T01:36:30.960+00:00] [INFO] reEvalMacsParams: Total MACs: 8977771143
[2026-06-27T01:36:30.960+00:00] [INFO] reEvalMacsParams: Total Params Count: 315469249
[2026-06-27T01:36:30.966+00:00] [INFO] IrQuantizer: Param Quantizer should be set to symmetric for 32 bit biases. Will ignore param quantizer option: tf for biases
[2026-06-27T01:36:30.968+00:00] [INFO] 2026-06-27 01:36:30,968 - 273 - ERROR - Encountered Error: preprocessPerChannel: No bias info for op: /encoder/feature_extractor/conv_layers.0/conv/Conv_2d
[2026-06-27T01:36:30.968+00:00] [INFO] Traceback (most recent call last):
[2026-06-27T01:36:30.968+00:00] [INFO]   File "/qairt_sdk/default/2.45.0/bin/x86_64-linux-clang/qairt-converter", line 383, in main
[2026-06-27T01:36:30.968+00:00] [INFO]     backend.serialize(optimized_graph, is_qairt=True, backend_info_obj=backend_info_obj)
[2026-06-27T01:36:30.968+00:00] [INFO]   File "/qairt_sdk/default/2.45.0/lib/python/qti/aisw/converters/qnn_backend/ir_to_dlc.py", line 623, in serialize
[2026-06-27T01:36:30.969+00:00] [INFO]     cpp_graph = self.quantize_cpp_graph(graph, cpp_graph, self.args, backend_info_obj)
[2026-06-27T01:36:30.969+00:00] [INFO]   File "/qairt_sdk/default/2.45.0/lib/python/qti/aisw/converters/qnn_backend/ir_to_dlc.py", line 569, in quantize_cpp_graph
[2026-06-27T01:36:30.969+00:00] [INFO]     quantizer.quantize()
[2026-06-27T01:36:30.969+00:00] [INFO] RuntimeError: preprocessPerChannel: No bias info for op: /encoder/feature_extractor/conv_layers.0/conv/Conv_2d
[2026-06-27T01:36:31.224+00:00] [WARNING] QAIRT converter failed with exit code 1
[2026-06-27T01:36:31.225+00:00] [INFO] Attempting to enqueue job jp171nm7p
