[deps] system
[deps] CPU-only torch 2.11.0 from pytorch cpu index (small wheel, fits emulation)
Looking in indexes: https://download.pytorch.org/whl/cpu
Collecting torch==2.11.0
  Using cached https://download-r2.pytorch.org/whl/cpu/torch-2.11.0%2Bcpu-cp311-cp311-manylinux_2_28_x86_64.whl.metadata (29 kB)
Collecting filelock (from torch==2.11.0)
  Using cached filelock-3.29.0-py3-none-any.whl.metadata (2.0 kB)
Collecting typing-extensions>=4.10.0 (from torch==2.11.0)
  Using cached https://download.pytorch.org/whl/typing_extensions-4.15.0-py3-none-any.whl.metadata (3.3 kB)
Requirement already satisfied: setuptools<82 in /usr/local/lib/python3.11/site-packages (from torch==2.11.0) (79.0.1)
Collecting sympy>=1.13.3 (from torch==2.11.0)
  Using cached sympy-1.14.0-py3-none-any.whl.metadata (12 kB)
Collecting networkx>=2.5.1 (from torch==2.11.0)
  Using cached networkx-3.6.1-py3-none-any.whl.metadata (6.8 kB)
Collecting jinja2 (from torch==2.11.0)
  Using cached https://download.pytorch.org/whl/jinja2-3.1.6-py3-none-any.whl.metadata (2.9 kB)
Collecting fsspec>=0.8.5 (from torch==2.11.0)
  Using cached fsspec-2026.4.0-py3-none-any.whl.metadata (10 kB)
Collecting mpmath<1.4,>=1.1.0 (from sympy>=1.13.3->torch==2.11.0)
  Using cached mpmath-1.3.0-py3-none-any.whl.metadata (8.6 kB)
Collecting MarkupSafe>=2.0 (from jinja2->torch==2.11.0)
  Using cached https://download.pytorch.org/whl/markupsafe-3.0.3-cp311-cp311-manylinux2014_x86_64.manylinux_2_17_x86_64.manylinux_2_28_x86_64.whl.metadata (2.7 kB)
Using cached https://download-r2.pytorch.org/whl/cpu/torch-2.11.0%2Bcpu-cp311-cp311-manylinux_2_28_x86_64.whl (190.2 MB)
Using cached fsspec-2026.4.0-py3-none-any.whl (203 kB)
Using cached networkx-3.6.1-py3-none-any.whl (2.1 MB)
Using cached sympy-1.14.0-py3-none-any.whl (6.3 MB)
Using cached https://download.pytorch.org/whl/typing_extensions-4.15.0-py3-none-any.whl (44 kB)
Using cached filelock-3.29.0-py3-none-any.whl (39 kB)
Using cached https://download.pytorch.org/whl/jinja2-3.1.6-py3-none-any.whl (134 kB)
Using cached https://download.pytorch.org/whl/markupsafe-3.0.3-cp311-cp311-manylinux2014_x86_64.manylinux_2_17_x86_64.manylinux_2_28_x86_64.whl (22 kB)
Using cached mpmath-1.3.0-py3-none-any.whl (536 kB)
Installing collected packages: mpmath, typing-extensions, sympy, networkx, MarkupSafe, fsspec, filelock, jinja2, torch
Successfully installed MarkupSafe-3.0.3 filelock-3.29.0 fsspec-2026.4.0 jinja2-3.1.6 mpmath-1.3.0 networkx-3.6.1 sympy-1.14.0 torch-2.11.0+cpu typing-extensions-4.15.0
WARNING: Running pip as the 'root' user can result in broken permissions and conflicting behaviour with the system package manager. It is recommended to use a virtual environment instead: https://pip.pypa.io/warnings/venv

[notice] A new release of pip is available: 24.0 -> 26.1.2
[notice] To update, run: pip install --upgrade pip
[deps] executorch 1.2.0 (+ torchao, tokenizers) reusing the CPU torch
Collecting executorch==1.2.0
  Using cached executorch-1.2.0-cp311-cp311-manylinux_2_28_x86_64.whl.metadata (4.3 kB)
Collecting numpy
  Using cached numpy-2.4.6-cp311-cp311-manylinux_2_27_x86_64.manylinux_2_28_x86_64.whl.metadata (6.6 kB)
Collecting expecttest (from executorch==1.2.0)
  Using cached expecttest-0.3.0-py3-none-any.whl.metadata (3.8 kB)
Collecting flatbuffers (from executorch==1.2.0)
  Using cached flatbuffers-25.12.19-py2.py3-none-any.whl.metadata (1.0 kB)
Collecting hypothesis (from executorch==1.2.0)
  Using cached hypothesis-6.155.7-py3-none-any.whl.metadata (5.6 kB)
Collecting kgb (from executorch==1.2.0)
  Using cached kgb-7.3-py2.py3-none-any.whl.metadata (21 kB)
Requirement already satisfied: mpmath==1.3.0 in /usr/local/lib/python3.11/site-packages (from executorch==1.2.0) (1.3.0)
Collecting packaging (from executorch==1.2.0)
  Using cached packaging-26.2-py3-none-any.whl.metadata (3.5 kB)
Collecting pandas>=2.2.2 (from executorch==1.2.0)
  Using cached pandas-3.0.3-cp311-cp311-manylinux_2_24_x86_64.manylinux_2_28_x86_64.whl.metadata (79 kB)
Collecting parameterized (from executorch==1.2.0)
  Using cached parameterized-0.9.0-py2.py3-none-any.whl.metadata (18 kB)
Collecting pytest<9.0 (from executorch==1.2.0)
  Using cached pytest-8.4.2-py3-none-any.whl.metadata (7.7 kB)
Collecting pytest-xdist (from executorch==1.2.0)
  Using cached pytest_xdist-3.8.0-py3-none-any.whl.metadata (3.0 kB)
Collecting pytest-rerunfailures==15.1 (from executorch==1.2.0)
  Using cached pytest_rerunfailures-15.1-py3-none-any.whl.metadata (20 kB)
Collecting pytest-json-report (from executorch==1.2.0)
  Using cached pytest_json_report-1.5.0-py3-none-any.whl.metadata (15 kB)
Collecting pytorch-tokenizers>=1.2.0 (from executorch==1.2.0)
  Using cached pytorch_tokenizers-1.3.0-cp311-cp311-manylinux_2_28_x86_64.whl.metadata (4.9 kB)
Collecting pyyaml (from executorch==1.2.0)
  Using cached pyyaml-6.0.3-cp311-cp311-manylinux2014_x86_64.manylinux_2_17_x86_64.manylinux_2_28_x86_64.whl.metadata (2.4 kB)
Collecting ruamel.yaml (from executorch==1.2.0)
  Using cached ruamel_yaml-0.19.1-py3-none-any.whl.metadata (16 kB)
Requirement already satisfied: sympy in /usr/local/lib/python3.11/site-packages (from executorch==1.2.0) (1.14.0)
Collecting tabulate (from executorch==1.2.0)
  Using cached tabulate-0.10.0-py3-none-any.whl.metadata (40 kB)
Requirement already satisfied: typing-extensions>=4.10.0 in /usr/local/lib/python3.11/site-packages (from executorch==1.2.0) (4.15.0)
Collecting coremltools==9.0 (from executorch==1.2.0)
  Using cached coremltools-9.0-cp311-none-manylinux1_x86_64.whl.metadata (2.7 kB)
Collecting scikit-learn==1.7.1 (from executorch==1.2.0)
  Using cached scikit_learn-1.7.1-cp311-cp311-manylinux2014_x86_64.manylinux_2_17_x86_64.whl.metadata (11 kB)
Collecting hydra-core>=1.3.0 (from executorch==1.2.0)
  Using cached hydra_core-1.3.3-py3-none-any.whl.metadata (5.7 kB)
Collecting omegaconf>=2.3.0 (from executorch==1.2.0)
  Using cached omegaconf-2.3.1-py3-none-any.whl.metadata (4.5 kB)
Requirement already satisfied: torch>=2.11.0 in /usr/local/lib/python3.11/site-packages (from executorch==1.2.0) (2.11.0+cpu)
Collecting torchao>=0.17.0 (from executorch==1.2.0)
  Using cached torchao-0.17.0-cp310-abi3-manylinux_2_24_x86_64.manylinux_2_28_x86_64.whl.metadata (20 kB)
Collecting protobuf>=3.1.0 (from coremltools==9.0->executorch==1.2.0)
  Using cached protobuf-7.35.1-cp310-abi3-manylinux2014_x86_64.whl.metadata (595 bytes)
Collecting tqdm (from coremltools==9.0->executorch==1.2.0)
  Using cached tqdm-4.68.3-py3-none-any.whl.metadata (57 kB)
Collecting attrs>=21.3.0 (from coremltools==9.0->executorch==1.2.0)
  Using cached attrs-26.1.0-py3-none-any.whl.metadata (8.8 kB)
Collecting cattrs (from coremltools==9.0->executorch==1.2.0)
  Using cached cattrs-26.1.0-py3-none-any.whl.metadata (8.5 kB)
Collecting pyaml (from coremltools==9.0->executorch==1.2.0)
  Using cached pyaml-26.2.1-py3-none-any.whl.metadata (12 kB)
Collecting scipy>=1.8.0 (from scikit-learn==1.7.1->executorch==1.2.0)
  Using cached scipy-1.17.1-cp311-cp311-manylinux_2_27_x86_64.manylinux_2_28_x86_64.whl.metadata (62 kB)
Collecting joblib>=1.2.0 (from scikit-learn==1.7.1->executorch==1.2.0)
  Using cached joblib-1.5.3-py3-none-any.whl.metadata (5.5 kB)
Collecting threadpoolctl>=3.1.0 (from scikit-learn==1.7.1->executorch==1.2.0)
  Using cached threadpoolctl-3.6.0-py3-none-any.whl.metadata (13 kB)
Collecting antlr4-python3-runtime==4.9.* (from hydra-core>=1.3.0->executorch==1.2.0)
  Using cached antlr4_python3_runtime-4.9.3-py3-none-any.whl
Collecting python-dateutil>=2.8.2 (from pandas>=2.2.2->executorch==1.2.0)
  Using cached python_dateutil-2.9.0.post0-py2.py3-none-any.whl.metadata (8.4 kB)
Collecting iniconfig>=1 (from pytest<9.0->executorch==1.2.0)
  Using cached iniconfig-2.3.0-py3-none-any.whl.metadata (2.5 kB)
Collecting pluggy<2,>=1.5 (from pytest<9.0->executorch==1.2.0)
  Using cached pluggy-1.6.0-py3-none-any.whl.metadata (4.8 kB)
Collecting pygments>=2.7.2 (from pytest<9.0->executorch==1.2.0)
  Using cached pygments-2.20.0-py3-none-any.whl.metadata (2.5 kB)
Collecting tiktoken (from pytorch-tokenizers>=1.2.0->executorch==1.2.0)
  Using cached tiktoken-0.13.0-cp311-cp311-manylinux_2_28_x86_64.whl.metadata (6.7 kB)
Collecting tokenizers (from pytorch-tokenizers>=1.2.0->executorch==1.2.0)
  Using cached tokenizers-0.23.1-cp310-abi3-manylinux_2_17_x86_64.manylinux2014_x86_64.whl.metadata (9.8 kB)
Collecting sentencepiece (from pytorch-tokenizers>=1.2.0->executorch==1.2.0)
  Using cached sentencepiece-0.2.1-cp311-cp311-manylinux_2_27_x86_64.manylinux_2_28_x86_64.whl.metadata (10 kB)
Requirement already satisfied: filelock in /usr/local/lib/python3.11/site-packages (from torch>=2.11.0->executorch==1.2.0) (3.29.0)
Requirement already satisfied: setuptools<82 in /usr/local/lib/python3.11/site-packages (from torch>=2.11.0->executorch==1.2.0) (79.0.1)
Requirement already satisfied: networkx>=2.5.1 in /usr/local/lib/python3.11/site-packages (from torch>=2.11.0->executorch==1.2.0) (3.6.1)
Requirement already satisfied: jinja2 in /usr/local/lib/python3.11/site-packages (from torch>=2.11.0->executorch==1.2.0) (3.1.6)
Requirement already satisfied: fsspec>=0.8.5 in /usr/local/lib/python3.11/site-packages (from torch>=2.11.0->executorch==1.2.0) (2026.4.0)
Collecting sortedcontainers<3.0.0,>=2.1.0 (from hypothesis->executorch==1.2.0)
  Using cached sortedcontainers-2.4.0-py2.py3-none-any.whl.metadata (10 kB)
Collecting pytest-metadata (from pytest-json-report->executorch==1.2.0)
  Using cached pytest_metadata-3.1.1-py3-none-any.whl.metadata (8.6 kB)
Collecting execnet>=2.1 (from pytest-xdist->executorch==1.2.0)
  Using cached execnet-2.1.2-py3-none-any.whl.metadata (2.9 kB)
Collecting six>=1.5 (from python-dateutil>=2.8.2->pandas>=2.2.2->executorch==1.2.0)
  Using cached six-1.17.0-py2.py3-none-any.whl.metadata (1.7 kB)
Requirement already satisfied: MarkupSafe>=2.0 in /usr/local/lib/python3.11/site-packages (from jinja2->torch>=2.11.0->executorch==1.2.0) (3.0.3)
Collecting regex (from tiktoken->pytorch-tokenizers>=1.2.0->executorch==1.2.0)
  Using cached regex-2026.5.9-cp311-cp311-manylinux2014_x86_64.manylinux_2_17_x86_64.manylinux_2_28_x86_64.whl.metadata (40 kB)
Collecting requests (from tiktoken->pytorch-tokenizers>=1.2.0->executorch==1.2.0)
  Using cached requests-2.34.2-py3-none-any.whl.metadata (4.8 kB)
Collecting huggingface-hub<2.0,>=0.16.4 (from tokenizers->pytorch-tokenizers>=1.2.0->executorch==1.2.0)
  Using cached huggingface_hub-1.21.0-py3-none-any.whl.metadata (14 kB)
Collecting click>=8.4.0 (from huggingface-hub<2.0,>=0.16.4->tokenizers->pytorch-tokenizers>=1.2.0->executorch==1.2.0)
  Using cached click-8.4.2-py3-none-any.whl.metadata (2.6 kB)
Collecting hf-xet<2.0.0,>=1.5.1 (from huggingface-hub<2.0,>=0.16.4->tokenizers->pytorch-tokenizers>=1.2.0->executorch==1.2.0)
  Using cached hf_xet-1.5.1-cp37-abi3-manylinux2014_x86_64.manylinux_2_17_x86_64.whl.metadata (4.9 kB)
Collecting httpx<1,>=0.23.0 (from huggingface-hub<2.0,>=0.16.4->tokenizers->pytorch-tokenizers>=1.2.0->executorch==1.2.0)
  Using cached httpx-0.28.1-py3-none-any.whl.metadata (7.1 kB)
Collecting typer<0.26.0,>=0.20.0 (from huggingface-hub<2.0,>=0.16.4->tokenizers->pytorch-tokenizers>=1.2.0->executorch==1.2.0)
  Using cached typer-0.25.1-py3-none-any.whl.metadata (15 kB)
Collecting charset_normalizer<4,>=2 (from requests->tiktoken->pytorch-tokenizers>=1.2.0->executorch==1.2.0)
  Using cached charset_normalizer-3.4.7-cp311-cp311-manylinux2014_x86_64.manylinux_2_17_x86_64.manylinux_2_28_x86_64.whl.metadata (40 kB)
Collecting idna<4,>=2.5 (from requests->tiktoken->pytorch-tokenizers>=1.2.0->executorch==1.2.0)
  Using cached idna-3.18-py3-none-any.whl.metadata (6.1 kB)
Collecting urllib3<3,>=1.26 (from requests->tiktoken->pytorch-tokenizers>=1.2.0->executorch==1.2.0)
  Using cached urllib3-2.7.0-py3-none-any.whl.metadata (6.9 kB)
Collecting certifi>=2023.5.7 (from requests->tiktoken->pytorch-tokenizers>=1.2.0->executorch==1.2.0)
  Using cached certifi-2026.6.17-py3-none-any.whl.metadata (2.5 kB)
Collecting anyio (from httpx<1,>=0.23.0->huggingface-hub<2.0,>=0.16.4->tokenizers->pytorch-tokenizers>=1.2.0->executorch==1.2.0)
  Using cached anyio-4.14.1-py3-none-any.whl.metadata (4.6 kB)
Collecting httpcore==1.* (from httpx<1,>=0.23.0->huggingface-hub<2.0,>=0.16.4->tokenizers->pytorch-tokenizers>=1.2.0->executorch==1.2.0)
  Using cached httpcore-1.0.9-py3-none-any.whl.metadata (21 kB)
Collecting h11>=0.16 (from httpcore==1.*->httpx<1,>=0.23.0->huggingface-hub<2.0,>=0.16.4->tokenizers->pytorch-tokenizers>=1.2.0->executorch==1.2.0)
  Using cached h11-0.16.0-py3-none-any.whl.metadata (8.3 kB)
Collecting shellingham>=1.3.0 (from typer<0.26.0,>=0.20.0->huggingface-hub<2.0,>=0.16.4->tokenizers->pytorch-tokenizers>=1.2.0->executorch==1.2.0)
  Using cached shellingham-1.5.4-py2.py3-none-any.whl.metadata (3.5 kB)
Collecting rich>=13.8.0 (from typer<0.26.0,>=0.20.0->huggingface-hub<2.0,>=0.16.4->tokenizers->pytorch-tokenizers>=1.2.0->executorch==1.2.0)
  Using cached rich-15.0.0-py3-none-any.whl.metadata (18 kB)
Collecting annotated-doc>=0.0.2 (from typer<0.26.0,>=0.20.0->huggingface-hub<2.0,>=0.16.4->tokenizers->pytorch-tokenizers>=1.2.0->executorch==1.2.0)
  Using cached annotated_doc-0.0.4-py3-none-any.whl.metadata (6.6 kB)
Collecting markdown-it-py>=2.2.0 (from rich>=13.8.0->typer<0.26.0,>=0.20.0->huggingface-hub<2.0,>=0.16.4->tokenizers->pytorch-tokenizers>=1.2.0->executorch==1.2.0)
  Using cached markdown_it_py-4.2.0-py3-none-any.whl.metadata (7.4 kB)
Collecting mdurl~=0.1 (from markdown-it-py>=2.2.0->rich>=13.8.0->typer<0.26.0,>=0.20.0->huggingface-hub<2.0,>=0.16.4->tokenizers->pytorch-tokenizers>=1.2.0->executorch==1.2.0)
  Using cached mdurl-0.1.2-py3-none-any.whl.metadata (1.6 kB)
Using cached executorch-1.2.0-cp311-cp311-manylinux_2_28_x86_64.whl (20.5 MB)
Using cached coremltools-9.0-cp311-none-manylinux1_x86_64.whl (2.3 MB)
Using cached pytest_rerunfailures-15.1-py3-none-any.whl (13 kB)
Using cached scikit_learn-1.7.1-cp311-cp311-manylinux2014_x86_64.manylinux_2_17_x86_64.whl (9.7 MB)
Using cached numpy-2.4.6-cp311-cp311-manylinux_2_27_x86_64.manylinux_2_28_x86_64.whl (16.9 MB)
Using cached hydra_core-1.3.3-py3-none-any.whl (154 kB)
Using cached omegaconf-2.3.1-py3-none-any.whl (79 kB)
Using cached packaging-26.2-py3-none-any.whl (100 kB)
Using cached pandas-3.0.3-cp311-cp311-manylinux_2_24_x86_64.manylinux_2_28_x86_64.whl (11.3 MB)
Using cached pytest-8.4.2-py3-none-any.whl (365 kB)
Using cached pytorch_tokenizers-1.3.0-cp311-cp311-manylinux_2_28_x86_64.whl (1.6 MB)
Using cached pyyaml-6.0.3-cp311-cp311-manylinux2014_x86_64.manylinux_2_17_x86_64.manylinux_2_28_x86_64.whl (806 kB)
Using cached torchao-0.17.0-cp310-abi3-manylinux_2_24_x86_64.manylinux_2_28_x86_64.whl (3.2 MB)
Using cached expecttest-0.3.0-py3-none-any.whl (8.2 kB)
Using cached flatbuffers-25.12.19-py2.py3-none-any.whl (26 kB)
Using cached hypothesis-6.155.7-py3-none-any.whl (544 kB)
Using cached kgb-7.3-py2.py3-none-any.whl (59 kB)
Using cached parameterized-0.9.0-py2.py3-none-any.whl (20 kB)
Using cached pytest_json_report-1.5.0-py3-none-any.whl (13 kB)
Using cached pytest_xdist-3.8.0-py3-none-any.whl (46 kB)
Using cached ruamel_yaml-0.19.1-py3-none-any.whl (118 kB)
Using cached tabulate-0.10.0-py3-none-any.whl (39 kB)
Using cached attrs-26.1.0-py3-none-any.whl (67 kB)
Using cached execnet-2.1.2-py3-none-any.whl (40 kB)
Using cached iniconfig-2.3.0-py3-none-any.whl (7.5 kB)
Using cached joblib-1.5.3-py3-none-any.whl (309 kB)
Using cached pluggy-1.6.0-py3-none-any.whl (20 kB)
Using cached protobuf-7.35.1-cp310-abi3-manylinux2014_x86_64.whl (327 kB)
Using cached pygments-2.20.0-py3-none-any.whl (1.2 MB)
Using cached python_dateutil-2.9.0.post0-py2.py3-none-any.whl (229 kB)
Using cached scipy-1.17.1-cp311-cp311-manylinux_2_27_x86_64.manylinux_2_28_x86_64.whl (35.3 MB)
Using cached sortedcontainers-2.4.0-py2.py3-none-any.whl (29 kB)
Using cached threadpoolctl-3.6.0-py3-none-any.whl (18 kB)
Using cached cattrs-26.1.0-py3-none-any.whl (73 kB)
Using cached pyaml-26.2.1-py3-none-any.whl (27 kB)
Using cached pytest_metadata-3.1.1-py3-none-any.whl (11 kB)
Using cached sentencepiece-0.2.1-cp311-cp311-manylinux_2_27_x86_64.manylinux_2_28_x86_64.whl (1.4 MB)
Using cached tiktoken-0.13.0-cp311-cp311-manylinux_2_28_x86_64.whl (1.1 MB)
Using cached tokenizers-0.23.1-cp310-abi3-manylinux_2_17_x86_64.manylinux2014_x86_64.whl (3.3 MB)
Using cached tqdm-4.68.3-py3-none-any.whl (78 kB)
Using cached huggingface_hub-1.21.0-py3-none-any.whl (721 kB)
Using cached six-1.17.0-py2.py3-none-any.whl (11 kB)
Using cached regex-2026.5.9-cp311-cp311-manylinux2014_x86_64.manylinux_2_17_x86_64.manylinux_2_28_x86_64.whl (799 kB)
Using cached requests-2.34.2-py3-none-any.whl (73 kB)
Using cached certifi-2026.6.17-py3-none-any.whl (133 kB)
Using cached charset_normalizer-3.4.7-cp311-cp311-manylinux2014_x86_64.manylinux_2_17_x86_64.manylinux_2_28_x86_64.whl (214 kB)
Using cached click-8.4.2-py3-none-any.whl (119 kB)
Using cached hf_xet-1.5.1-cp37-abi3-manylinux2014_x86_64.manylinux_2_17_x86_64.whl (4.5 MB)
Using cached httpx-0.28.1-py3-none-any.whl (73 kB)
Using cached httpcore-1.0.9-py3-none-any.whl (78 kB)
Using cached idna-3.18-py3-none-any.whl (65 kB)
Using cached typer-0.25.1-py3-none-any.whl (58 kB)
Using cached urllib3-2.7.0-py3-none-any.whl (131 kB)
Using cached annotated_doc-0.0.4-py3-none-any.whl (5.3 kB)
Using cached rich-15.0.0-py3-none-any.whl (310 kB)
Using cached shellingham-1.5.4-py2.py3-none-any.whl (9.8 kB)
Using cached anyio-4.14.1-py3-none-any.whl (124 kB)
Using cached h11-0.16.0-py3-none-any.whl (37 kB)
Using cached markdown_it_py-4.2.0-py3-none-any.whl (91 kB)
Using cached mdurl-0.1.2-py3-none-any.whl (10.0 kB)
Installing collected packages: torchao, sortedcontainers, flatbuffers, antlr4-python3-runtime, urllib3, tqdm, threadpoolctl, tabulate, six, shellingham, sentencepiece, ruamel.yaml, regex, pyyaml, pygments, protobuf, pluggy, parameterized, packaging, numpy, mdurl, kgb, joblib, iniconfig, idna, hypothesis, hf-xet, h11, expecttest, execnet, click, charset_normalizer, certifi, attrs, annotated-doc, scipy, requests, python-dateutil, pytest, pyaml, omegaconf, markdown-it-py, httpcore, cattrs, anyio, tiktoken, scikit-learn, rich, pytest-xdist, pytest-rerunfailures, pytest-metadata, pandas, hydra-core, httpx, coremltools, typer, pytest-json-report, huggingface-hub, tokenizers, pytorch-tokenizers, executorch
Successfully installed annotated-doc-0.0.4 antlr4-python3-runtime-4.9.3 anyio-4.14.1 attrs-26.1.0 cattrs-26.1.0 certifi-2026.6.17 charset_normalizer-3.4.7 click-8.4.2 coremltools-9.0 execnet-2.1.2 executorch-1.2.0 expecttest-0.3.0 flatbuffers-25.12.19 h11-0.16.0 hf-xet-1.5.1 httpcore-1.0.9 httpx-0.28.1 huggingface-hub-1.21.0 hydra-core-1.3.3 hypothesis-6.155.7 idna-3.18 iniconfig-2.3.0 joblib-1.5.3 kgb-7.3 markdown-it-py-4.2.0 mdurl-0.1.2 numpy-2.4.6 omegaconf-2.3.1 packaging-26.2 pandas-3.0.3 parameterized-0.9.0 pluggy-1.6.0 protobuf-7.35.1 pyaml-26.2.1 pygments-2.20.0 pytest-8.4.2 pytest-json-report-1.5.0 pytest-metadata-3.1.1 pytest-rerunfailures-15.1 pytest-xdist-3.8.0 python-dateutil-2.9.0.post0 pytorch-tokenizers-1.3.0 pyyaml-6.0.3 regex-2026.5.9 requests-2.34.2 rich-15.0.0 ruamel.yaml-0.19.1 scikit-learn-1.7.1 scipy-1.17.1 sentencepiece-0.2.1 shellingham-1.5.4 six-1.17.0 sortedcontainers-2.4.0 tabulate-0.10.0 threadpoolctl-3.6.0 tiktoken-0.13.0 tokenizers-0.23.1 torchao-0.17.0 tqdm-4.68.3 typer-0.25.1 urllib3-2.7.0
WARNING: Running pip as the 'root' user can result in broken permissions and conflicting behaviour with the system package manager. It is recommended to use a virtual environment instead: https://pip.pypa.io/warnings/venv

[notice] A new release of pip is available: 24.0 -> 26.1.2
[notice] To update, run: pip install --upgrade pip
[run] wrap AI Hub ctx binary -> ExecuTorch .pte
executorch ? at /usr/local/lib/python3.11/site-packages/executorch
Traceback (most recent call last):
  File "/work/scratchpad/wrap_wavlm_ctx_pte.py", line 128, in <module>
    sys.exit(main())
             ^^^^^^
  File "/work/scratchpad/wrap_wavlm_ctx_pte.py", line 45, in main
    from executorch.backends.qualcomm.serialization.qc_schema import QcomChipset
  File "/usr/local/lib/python3.11/site-packages/executorch/backends/qualcomm/__init__.py", line 13, in <module>
    raise RuntimeError("Failed to install QNN SDK. Please check the logs above.")
RuntimeError: Failed to install QNN SDK. Please check the logs above.
