W0627 05:36:17.008000 77776 .venv/lib/python3.11/site-packages/torch/distributed/elastic/multiprocessing/redirects.py:29] NOTE: Redirects are currently not supported in Windows or MacOs.
[wavlm_broad] merged, 316M params (3s)
[attempt] exclude=('gru_rel_pos_linear', 'rel_attn_embed')
/Users/chinnu/slashh-executorch/slashh-executorch/.venv/lib/python3.11/site-packages/torchao/quantization/pt2e/observer.py:1306: UserWarning: torch.inf detected in input tensor, ignoring input
  warnings.warn("torch.inf detected in input tensor, ignoring input")
  [relpos_excl] calibrated 16 OK (9s)
/Users/chinnu/.local/share/uv/python/cpython-3.11.15-macos-aarch64-none/lib/python3.11/copyreg.py:105: FutureWarning: `isinstance(treespec, LeafSpec)` is deprecated, use `isinstance(treespec, TreeSpec) and treespec.is_leaf()` instead.
  return cls.__new__(cls, *args)
/Users/chinnu/.local/share/uv/python/cpython-3.11.15-macos-aarch64-none/lib/python3.11/copyreg.py:105: FutureWarning: `isinstance(treespec, LeafSpec)` is deprecated, use `isinstance(treespec, TreeSpec) and treespec.is_leaf()` instead.
  return cls.__new__(cls, *args)
/Users/chinnu/.local/share/uv/python/cpython-3.11.15-macos-aarch64-none/lib/python3.11/copyreg.py:105: FutureWarning: `isinstance(treespec, LeafSpec)` is deprecated, use `isinstance(treespec, TreeSpec) and treespec.is_leaf()` instead.
  return cls.__new__(cls, *args)
/Users/chinnu/.local/share/uv/python/cpython-3.11.15-macos-aarch64-none/lib/python3.11/copyreg.py:105: FutureWarning: `isinstance(treespec, LeafSpec)` is deprecated, use `isinstance(treespec, TreeSpec) and treespec.is_leaf()` instead.
  return cls.__new__(cls, *args)
/Users/chinnu/.local/share/uv/python/cpython-3.11.15-macos-aarch64-none/lib/python3.11/copyreg.py:105: FutureWarning: `isinstance(treespec, LeafSpec)` is deprecated, use `isinstance(treespec, TreeSpec) and treespec.is_leaf()` instead.
  return cls.__new__(cls, *args)
/Users/chinnu/.local/share/uv/python/cpython-3.11.15-macos-aarch64-none/lib/python3.11/copyreg.py:105: FutureWarning: `isinstance(treespec, LeafSpec)` is deprecated, use `isinstance(treespec, TreeSpec) and treespec.is_leaf()` instead.
  return cls.__new__(cls, *args)
/Users/chinnu/.local/share/uv/python/cpython-3.11.15-macos-aarch64-none/lib/python3.11/copyreg.py:105: FutureWarning: `isinstance(treespec, LeafSpec)` is deprecated, use `isinstance(treespec, TreeSpec) and treespec.is_leaf()` instead.
  return cls.__new__(cls, *args)
/Users/chinnu/.local/share/uv/python/cpython-3.11.15-macos-aarch64-none/lib/python3.11/copyreg.py:105: FutureWarning: `isinstance(treespec, LeafSpec)` is deprecated, use `isinstance(treespec, TreeSpec) and treespec.is_leaf()` instead.
  return cls.__new__(cls, *args)
/Users/chinnu/.local/share/uv/python/cpython-3.11.15-macos-aarch64-none/lib/python3.11/copyreg.py:105: FutureWarning: `isinstance(treespec, LeafSpec)` is deprecated, use `isinstance(treespec, TreeSpec) and treespec.is_leaf()` instead.
  return cls.__new__(cls, *args)
/Users/chinnu/slashh-executorch/slashh-executorch/.venv/lib/python3.11/site-packages/executorch/exir/tensor.py:83: FutureWarning: guard_size_oblivious will be removed. Consider using explicit unbacked handling     potentially utilizing guard_or_false, guard_or_true, or statically_known_true
  return guard_size_oblivious(self.stride < other.stride)
  [relpos_excl] INT8 .pte -> assets/teacher_wavlm_broad_int8_relpos_excl.pte (317 MB)
[program.cpp:163] InternalConsistency verification requested but not available
[cpuinfo_utils.cpp:71] Reading file /sys/devices/soc0/image_version
[cpuinfo_utils.cpp:87] Failed to open midr file /sys/devices/soc0/image_version
[program.cpp:163] InternalConsistency verification requested but not available
[program.cpp:163] InternalConsistency verification requested but not available
[program.cpp:163] InternalConsistency verification requested but not available
[program.cpp:163] InternalConsistency verification requested but not available
[program.cpp:163] InternalConsistency verification requested but not available
[program.cpp:163] InternalConsistency verification requested but not available
[program.cpp:163] InternalConsistency verification requested but not available
[wavlm_broad] WINNER=teacher_wavlm_broad_int8_relpos_excl.pte size=317MB INT8-vs-fp32 max|Δ|=5.418 decision-agree=8/8 (185s)
OK_WAVLM_INT8_SURGICAL
